// Jest Snapshot v1, https://goo.gl/fbAQLP

exports[`should render JokesList component and match snapshot 1`] = `
<DocumentFragment>
  <div
    class="container"
  >
    <div
      class="row"
    />
  </div>
</DocumentFragment>
`;
