// Jest Snapshot v1, https://goo.gl/fbAQLP

exports[`should render Joke component and match snapshot 1`] = `
<DocumentFragment>
  <div
    class="col"
    data-testid="Joke"
  >
    <div
      class="container"
    >
      <div
        class="sc-beyTiQ idbsSJ"
      >
        <div
          class="card"
        >
          <div
            class="card-body"
          >
            <div
              class="card-title h5"
            >
              category
            </div>
            <p
              class="card-text"
            >
              <span
                class="sc-guDMob kebUtl"
              >
                SomeJoke...
              </span>
            </p>
            <div
              class="row"
            >
              <div
                class="col"
              >
                <div
                  class="sc-dmyDmy gPGhxd"
                >
                  <a
                    href="/joke/0"
                  >
                    <button
                      class="btn btn-primary"
                      data-testid="checkButton0"
                      type="button"
                    >
                      Check
                    </button>
                  </a>
                </div>
              </div>
              <div
                class="col"
              >
                <div
                  class="sc-dmyDmy gPGhxd"
                >
                  <button
                    class="btn btn-danger"
                    data-testid="deleteButton0"
                    type="button"
                  >
                    Delete
                  </button>
                </div>
              </div>
            </div>
          </div>
        </div>
      </div>
    </div>
  </div>
</DocumentFragment>
`;
