// Jest Snapshot v1, https://goo.gl/fbAQLP

exports[`renders JokesList correctly 1`] = `
<DocumentFragment>
  <div
    class="sc-beyTiQ jRvysY"
  />
</DocumentFragment>
`;
