// Jest Snapshot v1, https://goo.gl/fbAQLP

exports[`renders JokePopUp correctly 1`] = `<DocumentFragment />`;
